// Jest Snapshot v1, https://goo.gl/fbAQLP

exports[`Test in Quotes.tsx spapshot 1`] = `
<div>
  <div
    className="alert alert-info text-center"
  >
    loading ... 
  </div>
  <button
    className="btn btn-primary disabled"
    disabled={true}
    onClick={[Function]}
  >
    Cambiar
  </button>
</div>
`;
